2019-04-25 23:35:43 Could not execute PreparedStatement
Attempted query: insert into project values(?, ?, ?, ?, ?, ?);
java.sql.SQLException: Column count doesn't match value count at row 1
com.mysql.cj.jdbc.exceptions.SQLError.createSQLException(SQLError.java:129)
com.mysql.cj.jdbc.exceptions.SQLError.createSQLException(SQLError.java:97)
com.mysql.cj.jdbc.exceptions.SQLExceptionsMapping.translateException(SQLExceptionsMapping.java:122)
com.mysql.cj.jdbc.ClientPreparedStatement.executeInternal(ClientPreparedStatement.java:970)
com.mysql.cj.jdbc.ClientPreparedStatement.executeUpdateInternal(ClientPreparedStatement.java:1109)
com.mysql.cj.jdbc.ClientPreparedStatement.executeUpdateInternal(ClientPreparedStatement.java:1057)
com.mysql.cj.jdbc.ClientPreparedStatement.executeLargeUpdate(ClientPreparedStatement.java:1377)
com.mysql.cj.jdbc.ClientPreparedStatement.executeUpdate(ClientPreparedStatement.java:1042)
data.MySQLDatabase.executeStmt(MySQLDatabase.java:323)
data.MySQLDatabase.setData(MySQLDatabase.java:274)
data.Project.postNoId(Project.java:178)
business.BLProject.doPostNoId(BLProject.java:24)
FacultyResearch.doFacultyAdd(FacultyResearch.java:549)
FacultyResearch.access$000(FacultyResearch.java:25)
FacultyResearch$1.handle(FacultyResearch.java:196)
FacultyResearch$1.handle(FacultyResearch.java:193)
com.sun.javafx.event.CompositeEventHandler.dispatchBubblingEvent(CompositeEventHandler.java:86)
com.sun.javafx.event.EventHandlerManager.dispatchBubblingEvent(EventHandlerManager.java:238)
com.sun.javafx.event.EventHandlerManager.dispatchBubblingEvent(EventHandlerManager.java:191)
com.sun.javafx.event.CompositeEventDispatcher.dispatchBubblingEvent(CompositeEventDispatcher.java:59)
com.sun.javafx.event.BasicEventDispatcher.dispatchEvent(BasicEventDispatcher.java:58)
com.sun.javafx.event.EventDispatchChainImpl.dispatchEvent(EventDispatchChainImpl.java:114)
com.sun.javafx.event.BasicEventDispatcher.dispatchEvent(BasicEventDispatcher.java:56)
com.sun.javafx.event.EventDispatchChainImpl.dispatchEvent(EventDispatchChainImpl.java:114)
com.sun.javafx.event.BasicEventDispatcher.dispatchEvent(BasicEventDispatcher.java:56)
com.sun.javafx.event.EventDispatchChainImpl.dispatchEvent(EventDispatchChainImpl.java:114)
com.sun.javafx.event.EventUtil.fireEventImpl(EventUtil.java:74)
com.sun.javafx.event.EventUtil.fireEvent(EventUtil.java:49)
javafx.event.Event.fireEvent(Event.java:198)
javafx.scene.Node.fireEvent(Node.java:8411)
javafx.scene.control.Button.fire(Button.java:185)
com.sun.javafx.scene.control.behavior.ButtonBehavior.mouseReleased(ButtonBehavior.java:182)
com.sun.javafx.scene.control.skin.BehaviorSkinBase$1.handle(BehaviorSkinBase.java:96)
com.sun.javafx.scene.control.skin.BehaviorSkinBase$1.handle(BehaviorSkinBase.java:89)
com.sun.javafx.event.CompositeEventHandler$NormalEventHandlerRecord.handleBubblingEvent(CompositeEventHandler.java:218)
com.sun.javafx.event.CompositeEventHandler.dispatchBubblingEvent(CompositeEventHandler.java:80)
com.sun.javafx.event.EventHandlerManager.dispatchBubblingEvent(EventHandlerManager.java:238)
com.sun.javafx.event.EventHandlerManager.dispatchBubblingEvent(EventHandlerManager.java:191)
com.sun.javafx.event.CompositeEventDispatcher.dispatchBubblingEvent(CompositeEventDispatcher.java:59)
com.sun.javafx.event.BasicEventDispatcher.dispatchEvent(BasicEventDispatcher.java:58)
com.sun.javafx.event.EventDispatchChainImpl.dispatchEvent(EventDispatchChainImpl.java:114)
com.sun.javafx.event.BasicEventDispatcher.dispatchEvent(BasicEventDispatcher.java:56)
com.sun.javafx.event.EventDispatchChainImpl.dispatchEvent(EventDispatchChainImpl.java:114)
com.sun.javafx.event.BasicEventDispatcher.dispatchEvent(BasicEventDispatcher.java:56)
com.sun.javafx.event.EventDispatchChainImpl.dispatchEvent(EventDispatchChainImpl.java:114)
com.sun.javafx.event.EventUtil.fireEventImpl(EventUtil.java:74)
com.sun.javafx.event.EventUtil.fireEvent(EventUtil.java:54)
javafx.event.Event.fireEvent(Event.java:198)
javafx.scene.Scene$MouseHandler.process(Scene.java:3757)
javafx.scene.Scene$MouseHandler.access$1500(Scene.java:3485)
javafx.scene.Scene.impl_processMouseEvent(Scene.java:1762)
javafx.scene.Scene$ScenePeerListener.mouseEvent(Scene.java:2494)
com.sun.javafx.tk.quantum.GlassViewEventHandler$MouseEventNotification.run(GlassViewEventHandler.java:394)
com.sun.javafx.tk.quantum.GlassViewEventHandler$MouseEventNotification.run(GlassViewEventHandler.java:295)
java.security.AccessController.doPrivileged(Native Method)
com.sun.javafx.tk.quantum.GlassViewEventHandler.lambda$handleMouseEvent$2(GlassViewEventHandler.java:432)
com.sun.javafx.tk.quantum.QuantumToolkit.runWithoutRenderLock(QuantumToolkit.java:389)
com.sun.javafx.tk.quantum.GlassViewEventHandler.handleMouseEvent(GlassViewEventHandler.java:431)
com.sun.glass.ui.View.handleMouseEvent(View.java:555)
com.sun.glass.ui.View.notifyMouse(View.java:937)
com.sun.glass.ui.gtk.GtkApplication._runLoop(Native Method)
com.sun.glass.ui.gtk.GtkApplication.lambda$null$10(GtkApplication.java:245)
java.lang.Thread.run(Thread.java:748)

2019-04-25 23:37:44 Could not execute PreparedStatement
Attempted query: insert into project (facultyid, projectname, projectdescription, budget, startdate, enddate) (values(?, ?, ?, ?, ?, ?);
java.sql.SQLSyntaxErrorException: You have an error in your SQL syntax; check the manual that corresponds to your MySQL server version for the right syntax to use near 'values('1', 'test', 'test', '1000', '2018-04-24', '2019-04-24')' at line 1
com.mysql.cj.jdbc.exceptions.SQLError.createSQLException(SQLError.java:120)
com.mysql.cj.jdbc.exceptions.SQLError.createSQLException(SQLError.java:97)
com.mysql.cj.jdbc.exceptions.SQLExceptionsMapping.translateException(SQLExceptionsMapping.java:122)
com.mysql.cj.jdbc.ClientPreparedStatement.executeInternal(ClientPreparedStatement.java:970)
com.mysql.cj.jdbc.ClientPreparedStatement.executeUpdateInternal(ClientPreparedStatement.java:1109)
com.mysql.cj.jdbc.ClientPreparedStatement.executeUpdateInternal(ClientPreparedStatement.java:1057)
com.mysql.cj.jdbc.ClientPreparedStatement.executeLargeUpdate(ClientPreparedStatement.java:1377)
com.mysql.cj.jdbc.ClientPreparedStatement.executeUpdate(ClientPreparedStatement.java:1042)
data.MySQLDatabase.executeStmt(MySQLDatabase.java:323)
data.MySQLDatabase.setData(MySQLDatabase.java:274)
data.Project.postNoId(Project.java:178)
business.BLProject.doPostNoId(BLProject.java:24)
FacultyResearch.doFacultyAdd(FacultyResearch.java:549)
FacultyResearch.access$000(FacultyResearch.java:25)
FacultyResearch$1.handle(FacultyResearch.java:196)
FacultyResearch$1.handle(FacultyResearch.java:193)
com.sun.javafx.event.CompositeEventHandler.dispatchBubblingEvent(CompositeEventHandler.java:86)
com.sun.javafx.event.EventHandlerManager.dispatchBubblingEvent(EventHandlerManager.java:238)
com.sun.javafx.event.EventHandlerManager.dispatchBubblingEvent(EventHandlerManager.java:191)
com.sun.javafx.event.CompositeEventDispatcher.dispatchBubblingEvent(CompositeEventDispatcher.java:59)
com.sun.javafx.event.BasicEventDispatcher.dispatchEvent(BasicEventDispatcher.java:58)
com.sun.javafx.event.EventDispatchChainImpl.dispatchEvent(EventDispatchChainImpl.java:114)
com.sun.javafx.event.BasicEventDispatcher.dispatchEvent(BasicEventDispatcher.java:56)
com.sun.javafx.event.EventDispatchChainImpl.dispatchEvent(EventDispatchChainImpl.java:114)
com.sun.javafx.event.BasicEventDispatcher.dispatchEvent(BasicEventDispatcher.java:56)
com.sun.javafx.event.EventDispatchChainImpl.dispatchEvent(EventDispatchChainImpl.java:114)
com.sun.javafx.event.EventUtil.fireEventImpl(EventUtil.java:74)
com.sun.javafx.event.EventUtil.fireEvent(EventUtil.java:49)
javafx.event.Event.fireEvent(Event.java:198)
javafx.scene.Node.fireEvent(Node.java:8411)
javafx.scene.control.Button.fire(Button.java:185)
com.sun.javafx.scene.control.behavior.ButtonBehavior.mouseReleased(ButtonBehavior.java:182)
com.sun.javafx.scene.control.skin.BehaviorSkinBase$1.handle(BehaviorSkinBase.java:96)
com.sun.javafx.scene.control.skin.BehaviorSkinBase$1.handle(BehaviorSkinBase.java:89)
com.sun.javafx.event.CompositeEventHandler$NormalEventHandlerRecord.handleBubblingEvent(CompositeEventHandler.java:218)
com.sun.javafx.event.CompositeEventHandler.dispatchBubblingEvent(CompositeEventHandler.java:80)
com.sun.javafx.event.EventHandlerManager.dispatchBubblingEvent(EventHandlerManager.java:238)
com.sun.javafx.event.EventHandlerManager.dispatchBubblingEvent(EventHandlerManager.java:191)
com.sun.javafx.event.CompositeEventDispatcher.dispatchBubblingEvent(CompositeEventDispatcher.java:59)
com.sun.javafx.event.BasicEventDispatcher.dispatchEvent(BasicEventDispatcher.java:58)
com.sun.javafx.event.EventDispatchChainImpl.dispatchEvent(EventDispatchChainImpl.java:114)
com.sun.javafx.event.BasicEventDispatcher.dispatchEvent(BasicEventDispatcher.java:56)
com.sun.javafx.event.EventDispatchChainImpl.dispatchEvent(EventDispatchChainImpl.java:114)
com.sun.javafx.event.BasicEventDispatcher.dispatchEvent(BasicEventDispatcher.java:56)
com.sun.javafx.event.EventDispatchChainImpl.dispatchEvent(EventDispatchChainImpl.java:114)
com.sun.javafx.event.EventUtil.fireEventImpl(EventUtil.java:74)
com.sun.javafx.event.EventUtil.fireEvent(EventUtil.java:54)
javafx.event.Event.fireEvent(Event.java:198)
javafx.scene.Scene$MouseHandler.process(Scene.java:3757)
javafx.scene.Scene$MouseHandler.access$1500(Scene.java:3485)
javafx.scene.Scene.impl_processMouseEvent(Scene.java:1762)
javafx.scene.Scene$ScenePeerListener.mouseEvent(Scene.java:2494)
com.sun.javafx.tk.quantum.GlassViewEventHandler$MouseEventNotification.run(GlassViewEventHandler.java:394)
com.sun.javafx.tk.quantum.GlassViewEventHandler$MouseEventNotification.run(GlassViewEventHandler.java:295)
java.security.AccessController.doPrivileged(Native Method)
com.sun.javafx.tk.quantum.GlassViewEventHandler.lambda$handleMouseEvent$2(GlassViewEventHandler.java:432)
com.sun.javafx.tk.quantum.QuantumToolkit.runWithoutRenderLock(QuantumToolkit.java:389)
com.sun.javafx.tk.quantum.GlassViewEventHandler.handleMouseEvent(GlassViewEventHandler.java:431)
com.sun.glass.ui.View.handleMouseEvent(View.java:555)
com.sun.glass.ui.View.notifyMouse(View.java:937)
com.sun.glass.ui.gtk.GtkApplication._runLoop(Native Method)
com.sun.glass.ui.gtk.GtkApplication.lambda$null$10(GtkApplication.java:245)
java.lang.Thread.run(Thread.java:748)

2019-04-26 00:08:34 Could not execute PreparedStatement
Attempted query: update project set facultyid = ?, projectname = ?, projectdescription = ?, budget = ?, startdate = ?, enddate = ? where projectid = ?
com.mysql.cj.jdbc.exceptions.MysqlDataTruncation: Data truncation: Out of range value for column 'Budget' at row 1
com.mysql.cj.jdbc.exceptions.SQLExceptionsMapping.translateException(SQLExceptionsMapping.java:104)
com.mysql.cj.jdbc.ClientPreparedStatement.executeInternal(ClientPreparedStatement.java:970)
com.mysql.cj.jdbc.ClientPreparedStatement.executeUpdateInternal(ClientPreparedStatement.java:1109)
com.mysql.cj.jdbc.ClientPreparedStatement.executeUpdateInternal(ClientPreparedStatement.java:1057)
com.mysql.cj.jdbc.ClientPreparedStatement.executeLargeUpdate(ClientPreparedStatement.java:1377)
com.mysql.cj.jdbc.ClientPreparedStatement.executeUpdate(ClientPreparedStatement.java:1042)
data.MySQLDatabase.executeStmt(MySQLDatabase.java:323)
data.MySQLDatabase.setData(MySQLDatabase.java:274)
data.Project.putNoStudentId(Project.java:149)
business.BLProject.doPutNoStudentId(BLProject.java:45)
FacultyResearch.doFacultyUpdate(FacultyResearch.java:655)
FacultyResearch.access$100(FacultyResearch.java:26)
FacultyResearch$2.handle(FacultyResearch.java:223)
FacultyResearch$2.handle(FacultyResearch.java:220)
com.sun.javafx.event.CompositeEventHandler.dispatchBubblingEvent(CompositeEventHandler.java:86)
com.sun.javafx.event.EventHandlerManager.dispatchBubblingEvent(EventHandlerManager.java:238)
com.sun.javafx.event.EventHandlerManager.dispatchBubblingEvent(EventHandlerManager.java:191)
com.sun.javafx.event.CompositeEventDispatcher.dispatchBubblingEvent(CompositeEventDispatcher.java:59)
com.sun.javafx.event.BasicEventDispatcher.dispatchEvent(BasicEventDispatcher.java:58)
com.sun.javafx.event.EventDispatchChainImpl.dispatchEvent(EventDispatchChainImpl.java:114)
com.sun.javafx.event.BasicEventDispatcher.dispatchEvent(BasicEventDispatcher.java:56)
com.sun.javafx.event.EventDispatchChainImpl.dispatchEvent(EventDispatchChainImpl.java:114)
com.sun.javafx.event.BasicEventDispatcher.dispatchEvent(BasicEventDispatcher.java:56)
com.sun.javafx.event.EventDispatchChainImpl.dispatchEvent(EventDispatchChainImpl.java:114)
com.sun.javafx.event.EventUtil.fireEventImpl(EventUtil.java:74)
com.sun.javafx.event.EventUtil.fireEvent(EventUtil.java:49)
javafx.event.Event.fireEvent(Event.java:198)
javafx.scene.Node.fireEvent(Node.java:8411)
javafx.scene.control.Button.fire(Button.java:185)
com.sun.javafx.scene.control.behavior.ButtonBehavior.mouseReleased(ButtonBehavior.java:182)
com.sun.javafx.scene.control.skin.BehaviorSkinBase$1.handle(BehaviorSkinBase.java:96)
com.sun.javafx.scene.control.skin.BehaviorSkinBase$1.handle(BehaviorSkinBase.java:89)
com.sun.javafx.event.CompositeEventHandler$NormalEventHandlerRecord.handleBubblingEvent(CompositeEventHandler.java:218)
com.sun.javafx.event.CompositeEventHandler.dispatchBubblingEvent(CompositeEventHandler.java:80)
com.sun.javafx.event.EventHandlerManager.dispatchBubblingEvent(EventHandlerManager.java:238)
com.sun.javafx.event.EventHandlerManager.dispatchBubblingEvent(EventHandlerManager.java:191)
com.sun.javafx.event.CompositeEventDispatcher.dispatchBubblingEvent(CompositeEventDispatcher.java:59)
com.sun.javafx.event.BasicEventDispatcher.dispatchEvent(BasicEventDispatcher.java:58)
com.sun.javafx.event.EventDispatchChainImpl.dispatchEvent(EventDispatchChainImpl.java:114)
com.sun.javafx.event.BasicEventDispatcher.dispatchEvent(BasicEventDispatcher.java:56)
com.sun.javafx.event.EventDispatchChainImpl.dispatchEvent(EventDispatchChainImpl.java:114)
com.sun.javafx.event.BasicEventDispatcher.dispatchEvent(BasicEventDispatcher.java:56)
com.sun.javafx.event.EventDispatchChainImpl.dispatchEvent(EventDispatchChainImpl.java:114)
com.sun.javafx.event.EventUtil.fireEventImpl(EventUtil.java:74)
com.sun.javafx.event.EventUtil.fireEvent(EventUtil.java:54)
javafx.event.Event.fireEvent(Event.java:198)
javafx.scene.Scene$MouseHandler.process(Scene.java:3757)
javafx.scene.Scene$MouseHandler.access$1500(Scene.java:3485)
javafx.scene.Scene.impl_processMouseEvent(Scene.java:1762)
javafx.scene.Scene$ScenePeerListener.mouseEvent(Scene.java:2494)
com.sun.javafx.tk.quantum.GlassViewEventHandler$MouseEventNotification.run(GlassViewEventHandler.java:394)
com.sun.javafx.tk.quantum.GlassViewEventHandler$MouseEventNotification.run(GlassViewEventHandler.java:295)
java.security.AccessController.doPrivileged(Native Method)
com.sun.javafx.tk.quantum.GlassViewEventHandler.lambda$handleMouseEvent$2(GlassViewEventHandler.java:432)
com.sun.javafx.tk.quantum.QuantumToolkit.runWithoutRenderLock(QuantumToolkit.java:389)
com.sun.javafx.tk.quantum.GlassViewEventHandler.handleMouseEvent(GlassViewEventHandler.java:431)
com.sun.glass.ui.View.handleMouseEvent(View.java:555)
com.sun.glass.ui.View.notifyMouse(View.java:937)
com.sun.glass.ui.gtk.GtkApplication._runLoop(Native Method)
com.sun.glass.ui.gtk.GtkApplication.lambda$null$10(GtkApplication.java:245)
java.lang.Thread.run(Thread.java:748)

2019-04-26 15:37:10 Driver: com.mysql.cj.jdbc.Driver not found
java.lang.ClassNotFoundException: com.mysql.cj.jdbc.Driver
java.net.URLClassLoader.findClass(URLClassLoader.java:382)
java.lang.ClassLoader.loadClass(ClassLoader.java:424)
sun.misc.Launcher$AppClassLoader.loadClass(Launcher.java:349)
java.lang.ClassLoader.loadClass(ClassLoader.java:357)
java.lang.Class.forName0(Native Method)
java.lang.Class.forName(Class.java:264)
data.MySQLDatabase.connect(MySQLDatabase.java:29)
data.Project.getAllFullProjects(Project.java:243)
FacultyResearch.setUpPublicTable(FacultyResearch.java:399)
FacultyResearch.start(FacultyResearch.java:54)
com.sun.javafx.application.LauncherImpl.lambda$launchApplication1$8(LauncherImpl.java:863)
com.sun.javafx.application.PlatformImpl.lambda$runAndWait$7(PlatformImpl.java:326)
com.sun.javafx.application.PlatformImpl.lambda$null$5(PlatformImpl.java:295)
java.security.AccessController.doPrivileged(Native Method)
com.sun.javafx.application.PlatformImpl.lambda$runLater$6(PlatformImpl.java:294)
com.sun.glass.ui.InvokeLaterDispatcher$Future.run(InvokeLaterDispatcher.java:95)
com.sun.glass.ui.gtk.GtkApplication._runLoop(Native Method)
com.sun.glass.ui.gtk.GtkApplication.lambda$null$10(GtkApplication.java:245)
java.lang.Thread.run(Thread.java:748)

